// Jest Snapshot v1, https://goo.gl/fbAQLP

exports[`test PollTitle.vue should be render 1`] = `
<div
  id="poll-title"
>
  <div
    class="row justify-content-center"
  >
    <div
      class="col-md-6 col-12"
    >
      <input
        autocomplete="off"
        id="title-input"
        placeholder="Here goes your poll title"
        type="text"
      />
    </div>
  </div>
</div>
`;
